2026-09-23 07:21:15.924: [INFO] CurrentProfilePath: D:\Java_course\9_Mar_2026\Kafka Project\.metadata\.plugins\org.eclipse.swt\EBWebView\Default
2026-09-23 07:21:15.924: [INFO] Profiles total count: 1
2026-09-23 07:21:15.924: [INFO] Profile: name=Profile 1 path=D:\Java_course\9_Mar_2026\Kafka Project\.metadata\.plugins\org.eclipse.swt\EBWebView\Default lastActive=null
2026-09-23 07:21:15.925: [INFO] LastUsedProfileDir: D:\Java_course\9_Mar_2026\Kafka Project\.metadata\.plugins\org.eclipse.swt\EBWebView\Default
2026-09-23 07:21:15.925: [INFO] OnDoneLoading sync enabled: 0
2026-09-23 07:21:15.925: [INFO] BookmarkModelLoaded, ids_reassigned: 0
2026-09-23 07:21:15.925: [INFO] BookmarksLoadDropped droppedNodes=0
2026-09-23 07:21:15.925: [INFO] BookmarksSnapshot Startup total=0 bar=0 other=0 mobile=0 showBar=0 showBarNTP=1
2026-09-23 07:21:29.450: [INFO] BookmarksSnapshot Shutdown total=0 bar=0 other=0 mobile=0 showBar=0 showBarNTP=1
2026-09-23 07:21:30.326: [INFO] CurrentProfilePath: D:\Java_course\9_Mar_2026\Kafka Project\.metadata\.plugins\org.eclipse.swt\EBWebView\Default
2026-09-23 07:21:30.327: [INFO] Profiles total count: 1
2026-09-23 07:21:30.327: [INFO] Profile: name=Profile 1 path=D:\Java_course\9_Mar_2026\Kafka Project\.metadata\.plugins\org.eclipse.swt\EBWebView\Default lastActive=2026-09-23T07:21:17.349Z
2026-09-23 07:21:30.327: [INFO] LastUsedProfileDir: D:\Java_course\9_Mar_2026\Kafka Project\.metadata\.plugins\org.eclipse.swt\EBWebView\Default
2026-09-23 07:21:30.327: [INFO] MostRecentlyActiveProfile: name=Profile 1 path=D:\Java_course\9_Mar_2026\Kafka Project\.metadata\.plugins\org.eclipse.swt\EBWebView\Default lastActive=2026-09-23T07:21:17.349Z
2026-09-23 07:21:30.327: [INFO] OnDoneLoading sync enabled: 0
2026-09-23 07:21:30.327: [INFO] BookmarkModelLoaded, ids_reassigned: 0
2026-09-23 07:21:30.327: [INFO] BookmarksLoadDropped droppedNodes=0
2026-09-23 07:21:30.327: [INFO] BookmarksSnapshot Startup total=0 bar=0 other=0 mobile=0 showBar=0 showBarNTP=1
2026-09-23 10:41:32.381: [INFO] BookmarksSnapshot Shutdown total=0 bar=0 other=0 mobile=0 showBar=0 showBarNTP=1
2026-09-23 10:46:44.101: [INFO] CurrentProfilePath: D:\Java_course\9_Mar_2026\Kafka Project\.metadata\.plugins\org.eclipse.swt\EBWebView\Default
2026-09-23 10:46:44.101: [INFO] Profiles total count: 1
2026-09-23 10:46:44.101: [INFO] Profile: name=Profile 1 path=D:\Java_course\9_Mar_2026\Kafka Project\.metadata\.plugins\org.eclipse.swt\EBWebView\Default lastActive=2026-09-23T07:21:17.349Z
2026-09-23 10:46:44.101: [INFO] LastUsedProfileDir: D:\Java_course\9_Mar_2026\Kafka Project\.metadata\.plugins\org.eclipse.swt\EBWebView\Default
2026-09-23 10:46:44.101: [INFO] MostRecentlyActiveProfile: name=Profile 1 path=D:\Java_course\9_Mar_2026\Kafka Project\.metadata\.plugins\org.eclipse.swt\EBWebView\Default lastActive=2026-09-23T07:21:17.349Z
2026-09-23 10:46:44.101: [INFO] OnDoneLoading sync enabled: 0
2026-09-23 10:46:44.101: [INFO] BookmarkModelLoaded, ids_reassigned: 0
2026-09-23 10:46:44.101: [INFO] BookmarksLoadDropped droppedNodes=0
2026-09-23 10:46:44.101: [INFO] BookmarksSnapshot Startup total=0 bar=0 other=0 mobile=0 showBar=0 showBarNTP=1
2026-09-23 10:46:48.792: [INFO] BookmarksSnapshot Shutdown total=0 bar=0 other=0 mobile=0 showBar=0 showBarNTP=1
2026-09-23 10:55:07.907: [INFO] CurrentProfilePath: D:\Java_course\9_Mar_2026\Kafka Project\.metadata\.plugins\org.eclipse.swt\EBWebView\Default
2026-09-23 10:55:07.907: [INFO] Profiles total count: 1
2026-09-23 10:55:07.907: [INFO] Profile: name=Profile 1 path=D:\Java_course\9_Mar_2026\Kafka Project\.metadata\.plugins\org.eclipse.swt\EBWebView\Default lastActive=2026-09-23T07:21:17.349Z
2026-09-23 10:55:07.907: [INFO] LastUsedProfileDir: D:\Java_course\9_Mar_2026\Kafka Project\.metadata\.plugins\org.eclipse.swt\EBWebView\Default
2026-09-23 10:55:07.907: [INFO] MostRecentlyActiveProfile: name=Profile 1 path=D:\Java_course\9_Mar_2026\Kafka Project\.metadata\.plugins\org.eclipse.swt\EBWebView\Default lastActive=2026-09-23T07:21:17.349Z
2026-09-23 10:55:07.907: [INFO] OnDoneLoading sync enabled: 0
2026-09-23 10:55:07.907: [INFO] BookmarkModelLoaded, ids_reassigned: 0
2026-09-23 10:55:07.907: [INFO] BookmarksLoadDropped droppedNodes=0
2026-09-23 10:55:07.907: [INFO] BookmarksSnapshot Startup total=0 bar=0 other=0 mobile=0 showBar=0 showBarNTP=1
2026-09-23 12:02:43.024: [INFO] BookmarksSnapshot Shutdown total=0 bar=0 other=0 mobile=0 showBar=0 showBarNTP=1
2026-09-23 12:05:57.314: [INFO] CurrentProfilePath: D:\Java_course\9_Mar_2026\Kafka Project\.metadata\.plugins\org.eclipse.swt\EBWebView\Default
2026-09-23 12:05:57.314: [INFO] Profiles total count: 1
2026-09-23 12:05:57.314: [INFO] Profile: name=Profile 1 path=D:\Java_course\9_Mar_2026\Kafka Project\.metadata\.plugins\org.eclipse.swt\EBWebView\Default lastActive=2026-09-23T07:21:17.349Z
2026-09-23 12:05:57.314: [INFO] LastUsedProfileDir: D:\Java_course\9_Mar_2026\Kafka Project\.metadata\.plugins\org.eclipse.swt\EBWebView\Default
2026-09-23 12:05:57.314: [INFO] MostRecentlyActiveProfile: name=Profile 1 path=D:\Java_course\9_Mar_2026\Kafka Project\.metadata\.plugins\org.eclipse.swt\EBWebView\Default lastActive=2026-09-23T07:21:17.349Z
2026-09-23 12:05:57.314: [INFO] OnDoneLoading sync enabled: 0
2026-09-23 12:05:57.314: [INFO] BookmarkModelLoaded, ids_reassigned: 0
2026-09-23 12:05:57.314: [INFO] BookmarksLoadDropped droppedNodes=0
2026-09-23 12:05:57.314: [INFO] BookmarksSnapshot Startup total=0 bar=0 other=0 mobile=0 showBar=0 showBarNTP=1
2026-09-23 12:58:09.676: [INFO] BookmarksSnapshot Shutdown total=0 bar=0 other=0 mobile=0 showBar=0 showBarNTP=1
2026-09-23 13:13:05.586: [INFO] CurrentProfilePath: D:\Java_course\9_Mar_2026\Kafka Project\.metadata\.plugins\org.eclipse.swt\EBWebView\Default
2026-09-23 13:13:05.586: [INFO] Profiles total count: 1
2026-09-23 13:13:05.586: [INFO] Profile: name=Profile 1 path=D:\Java_course\9_Mar_2026\Kafka Project\.metadata\.plugins\org.eclipse.swt\EBWebView\Default lastActive=2026-09-23T07:21:17.349Z
2026-09-23 13:13:05.586: [INFO] LastUsedProfileDir: D:\Java_course\9_Mar_2026\Kafka Project\.metadata\.plugins\org.eclipse.swt\EBWebView\Default
2026-09-23 13:13:05.586: [INFO] MostRecentlyActiveProfile: name=Profile 1 path=D:\Java_course\9_Mar_2026\Kafka Project\.metadata\.plugins\org.eclipse.swt\EBWebView\Default lastActive=2026-09-23T07:21:17.349Z
2026-09-23 13:13:05.586: [INFO] OnDoneLoading sync enabled: 0
2026-09-23 13:13:05.586: [INFO] BookmarkModelLoaded, ids_reassigned: 0
2026-09-23 13:13:05.586: [INFO] BookmarksLoadDropped droppedNodes=0
2026-09-23 13:13:05.586: [INFO] BookmarksSnapshot Startup total=0 bar=0 other=0 mobile=0 showBar=0 showBarNTP=1
2026-09-23 13:26:07.578: [INFO] BookmarksSnapshot Shutdown total=0 bar=0 other=0 mobile=0 showBar=0 showBarNTP=1
2026-09-23 13:27:26.188: [INFO] CurrentProfilePath: D:\Java_course\9_Mar_2026\Kafka Project\.metadata\.plugins\org.eclipse.swt\EBWebView\Default
2026-09-23 13:27:26.188: [INFO] Profiles total count: 1
2026-09-23 13:27:26.188: [INFO] Profile: name=Profile 1 path=D:\Java_course\9_Mar_2026\Kafka Project\.metadata\.plugins\org.eclipse.swt\EBWebView\Default lastActive=2026-09-23T07:21:17.349Z
2026-09-23 13:27:26.188: [INFO] LastUsedProfileDir: D:\Java_course\9_Mar_2026\Kafka Project\.metadata\.plugins\org.eclipse.swt\EBWebView\Default
2026-09-23 13:27:26.188: [INFO] MostRecentlyActiveProfile: name=Profile 1 path=D:\Java_course\9_Mar_2026\Kafka Project\.metadata\.plugins\org.eclipse.swt\EBWebView\Default lastActive=2026-09-23T07:21:17.349Z
2026-09-23 13:27:26.188: [INFO] OnDoneLoading sync enabled: 0
2026-09-23 13:27:26.188: [INFO] BookmarkModelLoaded, ids_reassigned: 0
2026-09-23 13:27:26.188: [INFO] BookmarksLoadDropped droppedNodes=0
2026-09-23 13:27:26.188: [INFO] BookmarksSnapshot Startup total=0 bar=0 other=0 mobile=0 showBar=0 showBarNTP=1
2026-09-23 14:33:24.034: [INFO] BookmarksSnapshot Shutdown total=0 bar=0 other=0 mobile=0 showBar=0 showBarNTP=1
2026-09-23 16:08:21.480: [INFO] CurrentProfilePath: D:\Java_course\9_Mar_2026\Kafka Project\.metadata\.plugins\org.eclipse.swt\EBWebView\Default
2026-09-23 16:08:21.480: [INFO] Profiles total count: 1
2026-09-23 16:08:21.481: [INFO] Profile: name=Profile 1 path=D:\Java_course\9_Mar_2026\Kafka Project\.metadata\.plugins\org.eclipse.swt\EBWebView\Default lastActive=2026-09-23T07:21:17.349Z
2026-09-23 16:08:21.481: [INFO] LastUsedProfileDir: D:\Java_course\9_Mar_2026\Kafka Project\.metadata\.plugins\org.eclipse.swt\EBWebView\Default
2026-09-23 16:08:21.481: [INFO] MostRecentlyActiveProfile: name=Profile 1 path=D:\Java_course\9_Mar_2026\Kafka Project\.metadata\.plugins\org.eclipse.swt\EBWebView\Default lastActive=2026-09-23T07:21:17.349Z
2026-09-23 16:08:21.481: [INFO] OnDoneLoading sync enabled: 0
2026-09-23 16:08:21.481: [INFO] BookmarkModelLoaded, ids_reassigned: 0
2026-09-23 16:08:21.481: [INFO] BookmarksLoadDropped droppedNodes=0
2026-09-23 16:08:21.481: [INFO] BookmarksSnapshot Startup total=0 bar=0 other=0 mobile=0 showBar=0 showBarNTP=1
2026-09-23 16:09:43.477: [INFO] BookmarksSnapshot Shutdown total=0 bar=0 other=0 mobile=0 showBar=0 showBarNTP=1
2026-09-23 16:16:31.133: [INFO] CurrentProfilePath: D:\Java_course\9_Mar_2026\Kafka Project\.metadata\.plugins\org.eclipse.swt\EBWebView\Default
2026-09-23 16:16:31.133: [INFO] Profiles total count: 1
2026-09-23 16:16:31.133: [INFO] Profile: name=Profile 1 path=D:\Java_course\9_Mar_2026\Kafka Project\.metadata\.plugins\org.eclipse.swt\EBWebView\Default lastActive=2026-09-23T07:21:17.349Z
2026-09-23 16:16:31.133: [INFO] LastUsedProfileDir: D:\Java_course\9_Mar_2026\Kafka Project\.metadata\.plugins\org.eclipse.swt\EBWebView\Default
2026-09-23 16:16:31.133: [INFO] MostRecentlyActiveProfile: name=Profile 1 path=D:\Java_course\9_Mar_2026\Kafka Project\.metadata\.plugins\org.eclipse.swt\EBWebView\Default lastActive=2026-09-23T07:21:17.349Z
2026-09-23 16:16:31.133: [INFO] OnDoneLoading sync enabled: 0
2026-09-23 16:16:31.133: [INFO] BookmarkModelLoaded, ids_reassigned: 0
2026-09-23 16:16:31.133: [INFO] BookmarksLoadDropped droppedNodes=0
2026-09-23 16:16:31.133: [INFO] BookmarksSnapshot Startup total=0 bar=0 other=0 mobile=0 showBar=0 showBarNTP=1
2026-09-23 16:56:51.759: [INFO] BookmarksSnapshot Shutdown total=0 bar=0 other=0 mobile=0 showBar=0 showBarNTP=1
2026-09-23 17:00:07.628: [INFO] CurrentProfilePath: D:\Java_course\9_Mar_2026\Kafka Project\.metadata\.plugins\org.eclipse.swt\EBWebView\Default
2026-09-23 17:00:07.628: [INFO] Profiles total count: 1
2026-09-23 17:00:07.628: [INFO] Profile: name=Profile 1 path=D:\Java_course\9_Mar_2026\Kafka Project\.metadata\.plugins\org.eclipse.swt\EBWebView\Default lastActive=2026-09-23T07:21:17.349Z
2026-09-23 17:00:07.628: [INFO] LastUsedProfileDir: D:\Java_course\9_Mar_2026\Kafka Project\.metadata\.plugins\org.eclipse.swt\EBWebView\Default
2026-09-23 17:00:07.628: [INFO] MostRecentlyActiveProfile: name=Profile 1 path=D:\Java_course\9_Mar_2026\Kafka Project\.metadata\.plugins\org.eclipse.swt\EBWebView\Default lastActive=2026-09-23T07:21:17.349Z
2026-09-23 17:00:07.628: [INFO] OnDoneLoading sync enabled: 0
2026-09-23 17:00:07.628: [INFO] BookmarkModelLoaded, ids_reassigned: 0
2026-09-23 17:00:07.628: [INFO] BookmarksLoadDropped droppedNodes=0
2026-09-23 17:00:07.628: [INFO] BookmarksSnapshot Startup total=0 bar=0 other=0 mobile=0 showBar=0 showBarNTP=1
2026-09-24 06:41:16.397: [INFO] BookmarksSnapshot Shutdown total=0 bar=0 other=0 mobile=0 showBar=0 showBarNTP=1
2026-09-24 06:43:00.191: [INFO] CurrentProfilePath: D:\Java_course\9_Mar_2026\Kafka Project\.metadata\.plugins\org.eclipse.swt\EBWebView\Default
2026-09-24 06:43:00.191: [INFO] Profiles total count: 1
2026-09-24 06:43:00.191: [INFO] Profile: name=Profile 1 path=D:\Java_course\9_Mar_2026\Kafka Project\.metadata\.plugins\org.eclipse.swt\EBWebView\Default lastActive=2026-09-23T07:21:17.349Z
2026-09-24 06:43:00.191: [INFO] LastUsedProfileDir: D:\Java_course\9_Mar_2026\Kafka Project\.metadata\.plugins\org.eclipse.swt\EBWebView\Default
2026-09-24 06:43:00.191: [INFO] MostRecentlyActiveProfile: name=Profile 1 path=D:\Java_course\9_Mar_2026\Kafka Project\.metadata\.plugins\org.eclipse.swt\EBWebView\Default lastActive=2026-09-23T07:21:17.349Z
2026-09-24 06:43:00.191: [INFO] OnDoneLoading sync enabled: 0
2026-09-24 06:43:00.191: [INFO] BookmarkModelLoaded, ids_reassigned: 0
2026-09-24 06:43:00.191: [INFO] BookmarksLoadDropped droppedNodes=0
2026-09-24 06:43:00.191: [INFO] BookmarksSnapshot Startup total=0 bar=0 other=0 mobile=0 showBar=0 showBarNTP=1
2026-09-24 07:44:49.818: [INFO] BookmarksSnapshot Shutdown total=0 bar=0 other=0 mobile=0 showBar=0 showBarNTP=1
2026-09-24 07:44:57.456: [INFO] CurrentProfilePath: D:\Java_course\9_Mar_2026\Kafka Project\.metadata\.plugins\org.eclipse.swt\EBWebView\Default
2026-09-24 07:44:57.456: [INFO] Profiles total count: 1
2026-09-24 07:44:57.456: [INFO] Profile: name=Profile 1 path=D:\Java_course\9_Mar_2026\Kafka Project\.metadata\.plugins\org.eclipse.swt\EBWebView\Default lastActive=2026-09-23T07:21:17.349Z
2026-09-24 07:44:57.456: [INFO] LastUsedProfileDir: D:\Java_course\9_Mar_2026\Kafka Project\.metadata\.plugins\org.eclipse.swt\EBWebView\Default
2026-09-24 07:44:57.456: [INFO] MostRecentlyActiveProfile: name=Profile 1 path=D:\Java_course\9_Mar_2026\Kafka Project\.metadata\.plugins\org.eclipse.swt\EBWebView\Default lastActive=2026-09-23T07:21:17.349Z
2026-09-24 07:44:57.456: [INFO] OnDoneLoading sync enabled: 0
2026-09-24 07:44:57.456: [INFO] BookmarkModelLoaded, ids_reassigned: 0
2026-09-24 07:44:57.456: [INFO] BookmarksLoadDropped droppedNodes=0
2026-09-24 07:44:57.456: [INFO] BookmarksSnapshot Startup total=0 bar=0 other=0 mobile=0 showBar=0 showBarNTP=1
2026-09-24 09:36:50.819: [INFO] BookmarksSnapshot Shutdown total=0 bar=0 other=0 mobile=0 showBar=0 showBarNTP=1
2026-09-24 09:37:02.882: [INFO] CurrentProfilePath: D:\Java_course\9_Mar_2026\Kafka Project\.metadata\.plugins\org.eclipse.swt\EBWebView\Default
2026-09-24 09:37:02.882: [INFO] Profiles total count: 1
2026-09-24 09:37:02.882: [INFO] Profile: name=Profile 1 path=D:\Java_course\9_Mar_2026\Kafka Project\.metadata\.plugins\org.eclipse.swt\EBWebView\Default lastActive=2026-09-23T07:21:17.349Z
2026-09-24 09:37:02.882: [INFO] LastUsedProfileDir: D:\Java_course\9_Mar_2026\Kafka Project\.metadata\.plugins\org.eclipse.swt\EBWebView\Default
2026-09-24 09:37:02.882: [INFO] MostRecentlyActiveProfile: name=Profile 1 path=D:\Java_course\9_Mar_2026\Kafka Project\.metadata\.plugins\org.eclipse.swt\EBWebView\Default lastActive=2026-09-23T07:21:17.349Z
2026-09-24 09:37:02.882: [INFO] OnDoneLoading sync enabled: 0
2026-09-24 09:37:02.882: [INFO] BookmarkModelLoaded, ids_reassigned: 0
2026-09-24 09:37:02.882: [INFO] BookmarksLoadDropped droppedNodes=0
2026-09-24 09:37:02.882: [INFO] BookmarksSnapshot Startup total=0 bar=0 other=0 mobile=0 showBar=0 showBarNTP=1
2026-09-24 09:37:07.977: [INFO] BookmarksSnapshot Shutdown total=0 bar=0 other=0 mobile=0 showBar=0 showBarNTP=1
2026-09-24 09:37:44.888: [INFO] CurrentProfilePath: D:\Java_course\9_Mar_2026\Kafka Project\.metadata\.plugins\org.eclipse.swt\EBWebView\Default
2026-09-24 09:37:44.888: [INFO] Profiles total count: 1
2026-09-24 09:37:44.888: [INFO] Profile: name=Profile 1 path=D:\Java_course\9_Mar_2026\Kafka Project\.metadata\.plugins\org.eclipse.swt\EBWebView\Default lastActive=2026-09-23T07:21:17.349Z
2026-09-24 09:37:44.888: [INFO] LastUsedProfileDir: D:\Java_course\9_Mar_2026\Kafka Project\.metadata\.plugins\org.eclipse.swt\EBWebView\Default
2026-09-24 09:37:44.888: [INFO] MostRecentlyActiveProfile: name=Profile 1 path=D:\Java_course\9_Mar_2026\Kafka Project\.metadata\.plugins\org.eclipse.swt\EBWebView\Default lastActive=2026-09-23T07:21:17.349Z
2026-09-24 09:37:44.888: [INFO] OnDoneLoading sync enabled: 0
2026-09-24 09:37:44.888: [INFO] BookmarkModelLoaded, ids_reassigned: 0
2026-09-24 09:37:44.888: [INFO] BookmarksLoadDropped droppedNodes=0
2026-09-24 09:37:44.888: [INFO] BookmarksSnapshot Startup total=0 bar=0 other=0 mobile=0 showBar=0 showBarNTP=1
2026-09-24 09:38:17.129: [INFO] BookmarksSnapshot Shutdown total=0 bar=0 other=0 mobile=0 showBar=0 showBarNTP=1
2026-09-24 09:38:28.000: [INFO] CurrentProfilePath: D:\Java_course\9_Mar_2026\Kafka Project\.metadata\.plugins\org.eclipse.swt\EBWebView\Default
2026-09-24 09:38:28.000: [INFO] Profiles total count: 1
2026-09-24 09:38:28.000: [INFO] Profile: name=Profile 1 path=D:\Java_course\9_Mar_2026\Kafka Project\.metadata\.plugins\org.eclipse.swt\EBWebView\Default lastActive=2026-09-23T07:21:17.349Z
2026-09-24 09:38:28.000: [INFO] LastUsedProfileDir: D:\Java_course\9_Mar_2026\Kafka Project\.metadata\.plugins\org.eclipse.swt\EBWebView\Default
2026-09-24 09:38:28.000: [INFO] MostRecentlyActiveProfile: name=Profile 1 path=D:\Java_course\9_Mar_2026\Kafka Project\.metadata\.plugins\org.eclipse.swt\EBWebView\Default lastActive=2026-09-23T07:21:17.349Z
2026-09-24 09:38:28.000: [INFO] OnDoneLoading sync enabled: 0
2026-09-24 09:38:28.000: [INFO] BookmarkModelLoaded, ids_reassigned: 0
2026-09-24 09:38:28.000: [INFO] BookmarksLoadDropped droppedNodes=0
2026-09-24 09:38:28.000: [INFO] BookmarksSnapshot Startup total=0 bar=0 other=0 mobile=0 showBar=0 showBarNTP=1
2026-09-24 09:38:35.793: [INFO] BookmarksSnapshot Shutdown total=0 bar=0 other=0 mobile=0 showBar=0 showBarNTP=1
2026-09-24 09:41:05.019: [INFO] CurrentProfilePath: D:\Java_course\9_Mar_2026\Kafka Project\.metadata\.plugins\org.eclipse.swt\EBWebView\Default
2026-09-24 09:41:05.019: [INFO] Profiles total count: 1
2026-09-24 09:41:05.020: [INFO] Profile: name=Profile 1 path=D:\Java_course\9_Mar_2026\Kafka Project\.metadata\.plugins\org.eclipse.swt\EBWebView\Default lastActive=2026-09-23T07:21:17.349Z
2026-09-24 09:41:05.020: [INFO] LastUsedProfileDir: D:\Java_course\9_Mar_2026\Kafka Project\.metadata\.plugins\org.eclipse.swt\EBWebView\Default
2026-09-24 09:41:05.020: [INFO] MostRecentlyActiveProfile: name=Profile 1 path=D:\Java_course\9_Mar_2026\Kafka Project\.metadata\.plugins\org.eclipse.swt\EBWebView\Default lastActive=2026-09-23T07:21:17.349Z
2026-09-24 09:41:05.020: [INFO] OnDoneLoading sync enabled: 0
2026-09-24 09:41:05.020: [INFO] BookmarkModelLoaded, ids_reassigned: 0
2026-09-24 09:41:05.020: [INFO] BookmarksLoadDropped droppedNodes=0
2026-09-24 09:41:05.020: [INFO] BookmarksSnapshot Startup total=0 bar=0 other=0 mobile=0 showBar=0 showBarNTP=1
2026-09-24 09:44:28.660: [INFO] BookmarksSnapshot Shutdown total=0 bar=0 other=0 mobile=0 showBar=0 showBarNTP=1
2026-09-24 09:46:02.816: [INFO] CurrentProfilePath: D:\Java_course\9_Mar_2026\Kafka Project\.metadata\.plugins\org.eclipse.swt\EBWebView\Default
2026-09-24 09:46:02.816: [INFO] Profiles total count: 1
2026-09-24 09:46:02.817: [INFO] Profile: name=Profile 1 path=D:\Java_course\9_Mar_2026\Kafka Project\.metadata\.plugins\org.eclipse.swt\EBWebView\Default lastActive=2026-09-23T07:21:17.349Z
2026-09-24 09:46:02.817: [INFO] LastUsedProfileDir: D:\Java_course\9_Mar_2026\Kafka Project\.metadata\.plugins\org.eclipse.swt\EBWebView\Default
2026-09-24 09:46:02.817: [INFO] MostRecentlyActiveProfile: name=Profile 1 path=D:\Java_course\9_Mar_2026\Kafka Project\.metadata\.plugins\org.eclipse.swt\EBWebView\Default lastActive=2026-09-23T07:21:17.349Z
2026-09-24 09:46:02.817: [INFO] OnDoneLoading sync enabled: 0
2026-09-24 09:46:02.817: [INFO] BookmarkModelLoaded, ids_reassigned: 0
2026-09-24 09:46:02.817: [INFO] BookmarksLoadDropped droppedNodes=0
2026-09-24 09:46:02.817: [INFO] BookmarksSnapshot Startup total=0 bar=0 other=0 mobile=0 showBar=0 showBarNTP=1
2026-09-24 11:24:11.363: [INFO] BookmarksSnapshot Shutdown total=0 bar=0 other=0 mobile=0 showBar=0 showBarNTP=1
2026-09-24 11:24:23.711: [INFO] CurrentProfilePath: D:\Java_course\9_Mar_2026\Kafka Project\.metadata\.plugins\org.eclipse.swt\EBWebView\Default
2026-09-24 11:24:23.711: [INFO] Profiles total count: 1
2026-09-24 11:24:23.712: [INFO] Profile: name=Profile 1 path=D:\Java_course\9_Mar_2026\Kafka Project\.metadata\.plugins\org.eclipse.swt\EBWebView\Default lastActive=2026-09-23T07:21:17.349Z
2026-09-24 11:24:23.712: [INFO] LastUsedProfileDir: D:\Java_course\9_Mar_2026\Kafka Project\.metadata\.plugins\org.eclipse.swt\EBWebView\Default
2026-09-24 11:24:23.712: [INFO] MostRecentlyActiveProfile: name=Profile 1 path=D:\Java_course\9_Mar_2026\Kafka Project\.metadata\.plugins\org.eclipse.swt\EBWebView\Default lastActive=2026-09-23T07:21:17.349Z
2026-09-24 11:24:23.712: [INFO] OnDoneLoading sync enabled: 0
2026-09-24 11:24:23.712: [INFO] BookmarkModelLoaded, ids_reassigned: 0
2026-09-24 11:24:23.712: [INFO] BookmarksLoadDropped droppedNodes=0
2026-09-24 11:24:23.712: [INFO] BookmarksSnapshot Startup total=0 bar=0 other=0 mobile=0 showBar=0 showBarNTP=1
2026-09-24 12:22:46.024: [INFO] BookmarksSnapshot Shutdown total=0 bar=0 other=0 mobile=0 showBar=0 showBarNTP=1
2026-09-24 12:35:41.369: [INFO] CurrentProfilePath: D:\Java_course\9_Mar_2026\Kafka Project\.metadata\.plugins\org.eclipse.swt\EBWebView\Default
2026-09-24 12:35:41.369: [INFO] Profiles total count: 1
2026-09-24 12:35:41.369: [INFO] Profile: name=Profile 1 path=D:\Java_course\9_Mar_2026\Kafka Project\.metadata\.plugins\org.eclipse.swt\EBWebView\Default lastActive=2026-09-23T07:21:17.349Z
2026-09-24 12:35:41.369: [INFO] LastUsedProfileDir: D:\Java_course\9_Mar_2026\Kafka Project\.metadata\.plugins\org.eclipse.swt\EBWebView\Default
2026-09-24 12:35:41.369: [INFO] MostRecentlyActiveProfile: name=Profile 1 path=D:\Java_course\9_Mar_2026\Kafka Project\.metadata\.plugins\org.eclipse.swt\EBWebView\Default lastActive=2026-09-23T07:21:17.349Z
2026-09-24 12:35:41.369: [INFO] OnDoneLoading sync enabled: 0
2026-09-24 12:35:41.369: [INFO] BookmarkModelLoaded, ids_reassigned: 0
2026-09-24 12:35:41.369: [INFO] BookmarksLoadDropped droppedNodes=0
2026-09-24 12:35:41.369: [INFO] BookmarksSnapshot Startup total=0 bar=0 other=0 mobile=0 showBar=0 showBarNTP=1
